{
  "workload": "headless Chrome spectator rendering a moving 2,000-unit multiplayer match",
  "requestedMovementWaveSeconds": 10,
  "movementWaves": 3,
  "nominalScenarioSeconds": 30,
  "measuredFrameWindowSeconds": 30.1,
  "browser": {
    "product": "Chrome/153.0.8010.53",
    "headless": true,
    "pageUrl": "http://127.0.0.1:56117/",
    "viewport": {
      "width": 1280,
      "height": 720,
      "devicePixelRatio": 1,
      "canvasWidth": 1280,
      "canvasHeight": 720
    },
    "visiblePageUnits": 2000,
    "pageStateSamples": 77,
    "stateFramesObserved": 307,
    "stateFramesParsed": 76,
    "maxUnitsMovingBetweenPageStates": 1996,
    "webgl": {
      "available": true,
      "vendor": "Google Inc. (Apple)",
      "renderer": "ANGLE (Apple, ANGLE Metal Renderer: Apple M2, Unspecified Version)",
      "backend": "metal",
      "webglVersion": 2
    }
  },
  "rendering": {
    "acceptance": {
      "passed": false,
      "frameIntervalP95BudgetMs": 33.333,
      "frameIntervalP95Passed": true,
      "animateCallbackP95BudgetMs": 8,
      "animateCallbackP95Passed": true,
      "longTaskCountBudget": 0,
      "longTaskCountPassed": false,
      "longTaskObservationAvailable": true
    },
    "rawAnimationFrameInterval": {
      "samples": 1806,
      "p50Ms": 16.7,
      "p95Ms": 16.8,
      "p99Ms": 16.8,
      "maxMs": 16.8
    },
    "framesAboveConfiguredIntervalThreshold": {
      "thresholdMs": 33.333,
      "count": 0,
      "worstSamples": []
    },
    "animateCallbackCpuDuration": {
      "samples": 1806,
      "p50Ms": 1.5,
      "p95Ms": 2,
      "p99Ms": 2.3,
      "maxMs": 4.6
    },
    "longTasksOver50Ms": {
      "count": 1,
      "maxMs": 76,
      "samples": [
        {
          "durationMs": 76,
          "startTimeMs": 301.5
        }
      ]
    },
    "frameAttribution": {
      "available": true,
      "measurementStartedAtMs": 388.19999998807907,
      "samples": [
        {
          "startTimeMs": 168.80000001192093,
          "durationMs": 127.7999999821186,
          "measurementPhase": "before-window",
          "blockingDurationMs": 74.3,
          "renderStartMs": 203.19999998807907,
          "styleAndLayoutStartMs": 296.30000001192093,
          "scripts": [
            {
              "durationMs": 29.899999976158142,
              "executionStartMs": 169.80000001192093,
              "forcedStyleAndLayoutDurationMs": 0.4,
              "invoker": "DOMWebSocket.onmessage",
              "invokerType": "event-listener",
              "sourceURL": "http://127.0.0.1:56117/src/main.js",
              "sourceFunctionName": "",
              "sourceCharPosition": 382382
            },
            {
              "durationMs": 93.10000002384186,
              "executionStartMs": 203.19999998807907,
              "forcedStyleAndLayoutDurationMs": 0.4,
              "invoker": "FrameRequestCallback",
              "invokerType": "user-callback",
              "sourceURL": "",
              "sourceFunctionName": "",
              "sourceCharPosition": -1
            }
          ]
        },
        {
          "startTimeMs": 296.90000000596046,
          "durationMs": 81.5,
          "measurementPhase": "before-window",
          "blockingDurationMs": 30.2,
          "renderStartMs": 301.5,
          "styleAndLayoutStartMs": 378.30000001192093,
          "scripts": [
            {
              "durationMs": 76.69999998807907,
              "executionStartMs": 301.5,
              "forcedStyleAndLayoutDurationMs": 0,
              "invoker": "FrameRequestCallback",
              "invokerType": "user-callback",
              "sourceURL": "",
              "sourceFunctionName": "",
              "sourceCharPosition": -1
            }
          ]
        }
      ]
    }
  },
  "v8Heap": {
    "samples": 31,
    "first": {
      "at": "2026-09-27T13:56:15.511Z",
      "usedBytes": 10786844,
      "totalBytes": 17301504,
      "embedderHeapUsedBytes": 4584200,
      "backingStorageBytes": 6364485
    },
    "last": {
      "at": "2026-09-27T13:56:45.575Z",
      "usedBytes": 10833184,
      "totalBytes": 26214400,
      "embedderHeapUsedBytes": 3543256,
      "backingStorageBytes": 7013355
    },
    "peakUsedBytes": 12384600
  },
  "serverScenario": {
    "workload": "2,000 units moving in two connected teams (box formation)",
    "slowReader": false,
    "formation": "box",
    "durationSeconds": 10,
    "slowReaderRecovery": null,
    "measurements": [
      {
        "run": 1,
        "map": "open-field",
        "unitsMovedAfterFirstSnapshot": 1996,
        "damagedUnits": null,
        "unitsMovedByTeam": {
          "azure": 997,
          "ember": 999
        },
        "orderAssignmentMs": 28.2,
        "movePlanning": [
          {
            "orderId": 1,
            "team": 0,
            "mode": "shared-start",
            "unitCount": 1000,
            "uniqueStartCells": 458,
            "uniqueDestinationCells": 1000,
            "nonEmptyPaths": 997,
            "alreadyInDestinationCell": 3,
            "routeFailures": 0,
            "searchCount": 43,
            "expandedCells": 1584,
            "discoveredCells": 3874,
            "elapsedMs": 13.753,
            "planningWorkMs": 9.377,
            "maxPlanningSliceMs": 5.001,
            "queueWaitMs": 0.12,
            "setupMs": 3.556,
            "pathPlanningWorkMs": 5.477,
            "maxPathPlanningSliceMs": 5.001,
            "finalizationMs": 0.344,
            "planningSliceCount": 4
          },
          {
            "orderId": 2,
            "team": 1,
            "mode": "shared-start",
            "unitCount": 1000,
            "uniqueStartCells": 459,
            "uniqueDestinationCells": 1000,
            "nonEmptyPaths": 999,
            "alreadyInDestinationCell": 1,
            "routeFailures": 0,
            "searchCount": 49,
            "expandedCells": 1377,
            "discoveredCells": 3251,
            "elapsedMs": 17.529,
            "planningWorkMs": 4.95,
            "maxPlanningSliceMs": 2.832,
            "queueWaitMs": 1.555,
            "setupMs": 2.832,
            "pathPlanningWorkMs": 1.957,
            "maxPathPlanningSliceMs": 1.957,
            "finalizationMs": 0.161,
            "planningSliceCount": 3
          }
        ],
        "tickTiming": {
          "sampleCount": 300,
          "windowSeconds": 10,
          "budgetMs": 33.333,
          "p50Ms": 0.908,
          "p95Ms": 8.216,
          "maxMs": 10.925,
          "startLagP95Ms": 1.307,
          "startLagMaxMs": 2.506,
          "scheduler": {
            "policy": "drop-elapsed-slots",
            "skippedTickSlotsTotal": 0,
            "lastOverloadSkippedSlots": 0,
            "lastOverloadTick": null
          },
          "slowestTick": {
            "tickNumber": 28,
            "durationMs": 10.925,
            "cpuMs": 21.348,
            "simulationMs": 6.379,
            "visionMs": 0.406,
            "broadcastMs": 4.14,
            "checkpointMs": 0
          }
        },
        "separationWork": null,
        "transport": {
          "activePeers": 3,
          "maxQueuedBytesPerPeer": 4194304,
          "maxInboundControlFramesPerSecond": 120,
          "inboundControlFramesReceived": 0,
          "inboundControlPingsReceived": 0,
          "inboundControlPongsReceived": 0,
          "inboundControlRateLimitDisconnects": 0,
          "activeControlFramesInCurrentWindow": 0,
          "maxPendingCommandsPerPeer": 64,
          "maxPendingCommandBytesPerPeer": 1000000,
          "pendingCommands": 0,
          "pendingCommandBytes": 0,
          "commandQueueLimitRejections": 0,
          "outboundQueueLimitDisconnects": 0,
          "peakOutboundQueuedBytes": 0,
          "backpressuredPeers": 0,
          "queuedBytes": 0,
          "peakQueuedBytes": 0,
          "coalescedStateSnapshots": 0,
          "compressionPeers": 3,
          "jsonFramesSent": 319,
          "jsonPayloadBytesSent": 29334183,
          "jsonWireBytesSent": 3893041,
          "jsonUncompressedWireBytesSent": 29336965,
          "compressedFramesSent": 307,
          "compressedPayloadBytesSent": 29333663,
          "compressedWireBytesSent": 3892497
        },
        "checkpoint": {
          "enabled": false,
          "sequence": 0,
          "intervalMs": 1000.0000000000001,
          "ageMs": null,
          "writing": false,
          "queued": false,
          "failures": 0,
          "recovered": false,
          "lastBytes": 0,
          "lastWriteMs": 0,
          "lastCaptureMs": 0,
          "lastSerializeMs": 0
        }
      },
      {
        "run": 2,
        "map": "open-field",
        "unitsMovedAfterFirstSnapshot": 1996,
        "damagedUnits": null,
        "unitsMovedByTeam": {
          "azure": 997,
          "ember": 999
        },
        "orderAssignmentMs": 10.807,
        "movePlanning": [
          {
            "orderId": 1,
            "team": 0,
            "mode": "shared-start",
            "unitCount": 1000,
            "uniqueStartCells": 458,
            "uniqueDestinationCells": 1000,
            "nonEmptyPaths": 997,
            "alreadyInDestinationCell": 3,
            "routeFailures": 0,
            "searchCount": 43,
            "expandedCells": 1584,
            "discoveredCells": 3874,
            "elapsedMs": 13.753,
            "planningWorkMs": 9.377,
            "maxPlanningSliceMs": 5.001,
            "queueWaitMs": 0.12,
            "setupMs": 3.556,
            "pathPlanningWorkMs": 5.477,
            "maxPathPlanningSliceMs": 5.001,
            "finalizationMs": 0.344,
            "planningSliceCount": 4
          },
          {
            "orderId": 2,
            "team": 1,
            "mode": "shared-start",
            "unitCount": 1000,
            "uniqueStartCells": 459,
            "uniqueDestinationCells": 1000,
            "nonEmptyPaths": 999,
            "alreadyInDestinationCell": 1,
            "routeFailures": 0,
            "searchCount": 49,
            "expandedCells": 1377,
            "discoveredCells": 3251,
            "elapsedMs": 17.529,
            "planningWorkMs": 4.95,
            "maxPlanningSliceMs": 2.832,
            "queueWaitMs": 1.555,
            "setupMs": 2.832,
            "pathPlanningWorkMs": 1.957,
            "maxPathPlanningSliceMs": 1.957,
            "finalizationMs": 0.161,
            "planningSliceCount": 3
          },
          {
            "orderId": 3,
            "team": 0,
            "mode": "shared-start",
            "unitCount": 1000,
            "uniqueStartCells": 458,
            "uniqueDestinationCells": 1000,
            "nonEmptyPaths": 997,
            "alreadyInDestinationCell": 3,
            "routeFailures": 0,
            "searchCount": 43,
            "expandedCells": 1584,
            "discoveredCells": 3874,
            "elapsedMs": 3.95,
            "planningWorkMs": 3.87,
            "maxPlanningSliceMs": 1.969,
            "queueWaitMs": 0.025,
            "setupMs": 1.67,
            "pathPlanningWorkMs": 1.969,
            "maxPathPlanningSliceMs": 1.969,
            "finalizationMs": 0.231,
            "planningSliceCount": 3
          },
          {
            "orderId": 4,
            "team": 1,
            "mode": "shared-start",
            "unitCount": 1000,
            "uniqueStartCells": 459,
            "uniqueDestinationCells": 1000,
            "nonEmptyPaths": 999,
            "alreadyInDestinationCell": 1,
            "routeFailures": 0,
            "searchCount": 49,
            "expandedCells": 1377,
            "discoveredCells": 3251,
            "elapsedMs": 5.703,
            "planningWorkMs": 5.415,
            "maxPlanningSliceMs": 2.844,
            "queueWaitMs": 0.164,
            "setupMs": 2.844,
            "pathPlanningWorkMs": 2.258,
            "maxPathPlanningSliceMs": 2.258,
            "finalizationMs": 0.313,
            "planningSliceCount": 3
          }
        ],
        "tickTiming": {
          "sampleCount": 300,
          "windowSeconds": 10,
          "budgetMs": 33.333,
          "p50Ms": 0.843,
          "p95Ms": 7.386,
          "maxMs": 8.905,
          "startLagP95Ms": 1.282,
          "startLagMaxMs": 1.793,
          "scheduler": {
            "policy": "drop-elapsed-slots",
            "skippedTickSlotsTotal": 0,
            "lastOverloadSkippedSlots": 0,
            "lastOverloadTick": null
          },
          "slowestTick": {
            "tickNumber": 561,
            "durationMs": 8.905,
            "cpuMs": 8.695,
            "simulationMs": 0.881,
            "visionMs": 0.713,
            "broadcastMs": 7.31,
            "checkpointMs": 0
          }
        },
        "separationWork": null,
        "transport": {
          "activePeers": 3,
          "maxQueuedBytesPerPeer": 4194304,
          "maxInboundControlFramesPerSecond": 120,
          "inboundControlFramesReceived": 3,
          "inboundControlPingsReceived": 0,
          "inboundControlPongsReceived": 3,
          "inboundControlRateLimitDisconnects": 0,
          "activeControlFramesInCurrentWindow": 3,
          "maxPendingCommandsPerPeer": 64,
          "maxPendingCommandBytesPerPeer": 1000000,
          "pendingCommands": 0,
          "pendingCommandBytes": 0,
          "commandQueueLimitRejections": 0,
          "outboundQueueLimitDisconnects": 0,
          "peakOutboundQueuedBytes": 0,
          "backpressuredPeers": 0,
          "queuedBytes": 0,
          "peakQueuedBytes": 0,
          "coalescedStateSnapshots": 0,
          "compressionPeers": 3,
          "jsonFramesSent": 632,
          "jsonPayloadBytesSent": 58814174,
          "jsonWireBytesSent": 7803534,
          "jsonUncompressedWireBytesSent": 58819742,
          "compressedFramesSent": 613,
          "compressedPayloadBytesSent": 58813246,
          "compressedWireBytesSent": 7802568
        },
        "checkpoint": {
          "enabled": false,
          "sequence": 0,
          "intervalMs": 1000.0000000000001,
          "ageMs": null,
          "writing": false,
          "queued": false,
          "failures": 0,
          "recovered": false,
          "lastBytes": 0,
          "lastWriteMs": 0,
          "lastCaptureMs": 0,
          "lastSerializeMs": 0
        }
      },
      {
        "run": 3,
        "map": "open-field",
        "unitsMovedAfterFirstSnapshot": 1996,
        "damagedUnits": null,
        "unitsMovedByTeam": {
          "azure": 997,
          "ember": 999
        },
        "orderAssignmentMs": 6.054,
        "movePlanning": [
          {
            "orderId": 1,
            "team": 0,
            "mode": "shared-start",
            "unitCount": 1000,
            "uniqueStartCells": 458,
            "uniqueDestinationCells": 1000,
            "nonEmptyPaths": 997,
            "alreadyInDestinationCell": 3,
            "routeFailures": 0,
            "searchCount": 43,
            "expandedCells": 1584,
            "discoveredCells": 3874,
            "elapsedMs": 13.753,
            "planningWorkMs": 9.377,
            "maxPlanningSliceMs": 5.001,
            "queueWaitMs": 0.12,
            "setupMs": 3.556,
            "pathPlanningWorkMs": 5.477,
            "maxPathPlanningSliceMs": 5.001,
            "finalizationMs": 0.344,
            "planningSliceCount": 4
          },
          {
            "orderId": 2,
            "team": 1,
            "mode": "shared-start",
            "unitCount": 1000,
            "uniqueStartCells": 459,
            "uniqueDestinationCells": 1000,
            "nonEmptyPaths": 999,
            "alreadyInDestinationCell": 1,
            "routeFailures": 0,
            "searchCount": 49,
            "expandedCells": 1377,
            "discoveredCells": 3251,
            "elapsedMs": 17.529,
            "planningWorkMs": 4.95,
            "maxPlanningSliceMs": 2.832,
            "queueWaitMs": 1.555,
            "setupMs": 2.832,
            "pathPlanningWorkMs": 1.957,
            "maxPathPlanningSliceMs": 1.957,
            "finalizationMs": 0.161,
            "planningSliceCount": 3
          },
          {
            "orderId": 3,
            "team": 0,
            "mode": "shared-start",
            "unitCount": 1000,
            "uniqueStartCells": 458,
            "uniqueDestinationCells": 1000,
            "nonEmptyPaths": 997,
            "alreadyInDestinationCell": 3,
            "routeFailures": 0,
            "searchCount": 43,
            "expandedCells": 1584,
            "discoveredCells": 3874,
            "elapsedMs": 3.95,
            "planningWorkMs": 3.87,
            "maxPlanningSliceMs": 1.969,
            "queueWaitMs": 0.025,
            "setupMs": 1.67,
            "pathPlanningWorkMs": 1.969,
            "maxPathPlanningSliceMs": 1.969,
            "finalizationMs": 0.231,
            "planningSliceCount": 3
          },
          {
            "orderId": 4,
            "team": 1,
            "mode": "shared-start",
            "unitCount": 1000,
            "uniqueStartCells": 459,
            "uniqueDestinationCells": 1000,
            "nonEmptyPaths": 999,
            "alreadyInDestinationCell": 1,
            "routeFailures": 0,
            "searchCount": 49,
            "expandedCells": 1377,
            "discoveredCells": 3251,
            "elapsedMs": 5.703,
            "planningWorkMs": 5.415,
            "maxPlanningSliceMs": 2.844,
            "queueWaitMs": 0.164,
            "setupMs": 2.844,
            "pathPlanningWorkMs": 2.258,
            "maxPathPlanningSliceMs": 2.258,
            "finalizationMs": 0.313,
            "planningSliceCount": 3
          },
          {
            "orderId": 5,
            "team": 0,
            "mode": "shared-start",
            "unitCount": 1000,
            "uniqueStartCells": 458,
            "uniqueDestinationCells": 1000,
            "nonEmptyPaths": 997,
            "alreadyInDestinationCell": 3,
            "routeFailures": 0,
            "searchCount": 43,
            "expandedCells": 1584,
            "discoveredCells": 3874,
            "elapsedMs": 2.048,
            "planningWorkMs": 1.958,
            "maxPlanningSliceMs": 0.907,
            "queueWaitMs": 0.024,
            "setupMs": 0.898,
            "pathPlanningWorkMs": 0.907,
            "maxPathPlanningSliceMs": 0.907,
            "finalizationMs": 0.153,
            "planningSliceCount": 3
          },
          {
            "orderId": 6,
            "team": 1,
            "mode": "shared-start",
            "unitCount": 1000,
            "uniqueStartCells": 459,
            "uniqueDestinationCells": 1000,
            "nonEmptyPaths": 999,
            "alreadyInDestinationCell": 1,
            "routeFailures": 0,
            "searchCount": 49,
            "expandedCells": 1377,
            "discoveredCells": 3251,
            "elapsedMs": 2.829,
            "planningWorkMs": 2.575,
            "maxPlanningSliceMs": 1.35,
            "queueWaitMs": 0.078,
            "setupMs": 1.35,
            "pathPlanningWorkMs": 1.038,
            "maxPathPlanningSliceMs": 1.038,
            "finalizationMs": 0.188,
            "planningSliceCount": 3
          }
        ],
        "tickTiming": {
          "sampleCount": 300,
          "windowSeconds": 10,
          "budgetMs": 33.333,
          "p50Ms": 0.89,
          "p95Ms": 7.542,
          "maxMs": 8.704,
          "startLagP95Ms": 1.354,
          "startLagMaxMs": 1.855,
          "scheduler": {
            "policy": "drop-elapsed-slots",
            "skippedTickSlotsTotal": 0,
            "lastOverloadSkippedSlots": 0,
            "lastOverloadTick": null
          },
          "slowestTick": {
            "tickNumber": 843,
            "durationMs": 8.704,
            "cpuMs": 8.532,
            "simulationMs": 0.907,
            "visionMs": 0.702,
            "broadcastMs": 7.095,
            "checkpointMs": 0.001
          }
        },
        "separationWork": null,
        "transport": {
          "activePeers": 3,
          "maxQueuedBytesPerPeer": 4194304,
          "maxInboundControlFramesPerSecond": 120,
          "inboundControlFramesReceived": 6,
          "inboundControlPingsReceived": 0,
          "inboundControlPongsReceived": 6,
          "inboundControlRateLimitDisconnects": 0,
          "activeControlFramesInCurrentWindow": 3,
          "maxPendingCommandsPerPeer": 64,
          "maxPendingCommandBytesPerPeer": 1000000,
          "pendingCommands": 0,
          "pendingCommandBytes": 0,
          "commandQueueLimitRejections": 0,
          "outboundQueueLimitDisconnects": 0,
          "peakOutboundQueuedBytes": 0,
          "backpressuredPeers": 0,
          "queuedBytes": 0,
          "peakQueuedBytes": 0,
          "coalescedStateSnapshots": 0,
          "compressionPeers": 3,
          "jsonFramesSent": 945,
          "jsonPayloadBytesSent": 88294159,
          "jsonWireBytesSent": 11714069,
          "jsonUncompressedWireBytesSent": 88302513,
          "compressedFramesSent": 919,
          "compressedPayloadBytesSent": 88292823,
          "compressedWireBytesSent": 11712681
        },
        "checkpoint": {
          "enabled": false,
          "sequence": 0,
          "intervalMs": 1000.0000000000001,
          "ageMs": null,
          "writing": false,
          "queued": false,
          "failures": 0,
          "recovered": false,
          "lastBytes": 0,
          "lastWriteMs": 0,
          "lastCaptureMs": 0,
          "lastSerializeMs": 0
        }
      }
    ]
  },
  "limitations": [
    "Headless Chrome describes this browser/runtime setup; it is not a measurement of a windowed player session.",
    "WebGL reported the metal backend (ANGLE (Apple, ANGLE Metal Renderer: Apple M2, Unspecified Version)); headless timing still does not measure ordinary display presentation.",
    "Animation callback duration is main-thread CPU time and does not measure GPU completion or display presentation latency.",
    "V8 heap is JavaScript heap usage, not total browser-process or GPU memory."
  ]
}
