{
  "workload": "headless Chrome spectator rendering a moving 2,000-unit multiplayer match",
  "requestedMovementWaveSeconds": 10,
  "movementWaves": 3,
  "nominalScenarioSeconds": 30,
  "measuredFrameWindowSeconds": 30.08,
  "browser": {
    "product": "Chrome/153.0.8010.53",
    "headless": true,
    "pageUrl": "http://127.0.0.1:56214/",
    "viewport": {
      "width": 1280,
      "height": 720,
      "devicePixelRatio": 1,
      "canvasWidth": 1280,
      "canvasHeight": 720
    },
    "visiblePageUnits": 2000,
    "pageStateSamples": 78,
    "stateFramesObserved": 308,
    "stateFramesParsed": 77,
    "maxUnitsMovingBetweenPageStates": 1996,
    "webgl": {
      "available": true,
      "vendor": "Google Inc. (Apple)",
      "renderer": "ANGLE (Apple, ANGLE Metal Renderer: Apple M2, Unspecified Version)",
      "backend": "metal",
      "webglVersion": 2
    }
  },
  "rendering": {
    "acceptance": {
      "passed": true,
      "frameIntervalP95BudgetMs": 33.333,
      "frameIntervalP95Passed": true,
      "animateCallbackP95BudgetMs": 8,
      "animateCallbackP95Passed": true,
      "longTaskCountBudget": 0,
      "longTaskCountPassed": true,
      "longTaskObservationAvailable": true
    },
    "rawAnimationFrameInterval": {
      "samples": 1805,
      "p50Ms": 16.7,
      "p95Ms": 16.7,
      "p99Ms": 16.8,
      "maxMs": 16.8
    },
    "framesAboveConfiguredIntervalThreshold": {
      "thresholdMs": 33.333,
      "count": 0,
      "worstSamples": []
    },
    "animateCallbackCpuDuration": {
      "samples": 1805,
      "p50Ms": 1.4,
      "p95Ms": 1.9,
      "p99Ms": 2.2,
      "maxMs": 5
    },
    "longTasksOver50Ms": {
      "count": 0,
      "maxMs": null,
      "samples": []
    },
    "frameAttribution": {
      "available": true,
      "measurementStartedAtMs": 411,
      "deferredPreWindowLongTasks": [
        {
          "durationMs": 75,
          "startTime": 324.90000000596046
        }
      ],
      "samples": [
        {
          "startTimeMs": 108.2999999821186,
          "durationMs": 64.10000002384186,
          "measurementPhase": "before-window",
          "blockingDurationMs": 10.2,
          "renderStartMs": 154.40000000596046,
          "styleAndLayoutStartMs": 170.90000000596046,
          "scripts": [
            {
              "durationMs": 42.20000001788139,
              "executionStartMs": 108.2999999821186,
              "forcedStyleAndLayoutDurationMs": 1.6,
              "invoker": "http://127.0.0.1:56214/src/main.js",
              "invokerType": "module-script",
              "sourceURL": "http://127.0.0.1:56214/src/main.js",
              "sourceFunctionName": "",
              "sourceCharPosition": 0
            },
            {
              "durationMs": 16.5,
              "executionStartMs": 154.40000000596046,
              "forcedStyleAndLayoutDurationMs": 0,
              "invoker": "FrameRequestCallback",
              "invokerType": "user-callback",
              "sourceURL": "",
              "sourceFunctionName": "",
              "sourceCharPosition": -1
            }
          ]
        },
        {
          "startTimeMs": 181.59999999403954,
          "durationMs": 130.30000001192093,
          "measurementPhase": "before-window",
          "blockingDurationMs": 76,
          "renderStartMs": 218.5,
          "styleAndLayoutStartMs": 311.2999999821186,
          "scripts": [
            {
              "durationMs": 31.80000001192093,
              "executionStartMs": 183.7999999821186,
              "forcedStyleAndLayoutDurationMs": 0.4,
              "invoker": "DOMWebSocket.onmessage",
              "invokerType": "event-listener",
              "sourceURL": "http://127.0.0.1:56214/src/main.js",
              "sourceFunctionName": "",
              "sourceCharPosition": 382382
            },
            {
              "durationMs": 92.7999999821186,
              "executionStartMs": 218.5,
              "forcedStyleAndLayoutDurationMs": 0.8,
              "invoker": "FrameRequestCallback",
              "invokerType": "user-callback",
              "sourceURL": "",
              "sourceFunctionName": "",
              "sourceCharPosition": -1
            }
          ]
        },
        {
          "startTimeMs": 312.2999999821186,
          "durationMs": 88.30000001192093,
          "measurementPhase": "before-window",
          "blockingDurationMs": 34.2,
          "renderStartMs": 324.90000000596046,
          "styleAndLayoutStartMs": 400.5,
          "scripts": [
            {
              "durationMs": 8.300000011920929,
              "executionStartMs": 312.7999999821186,
              "forcedStyleAndLayoutDurationMs": 0,
              "invoker": "DOMWebSocket.onmessage",
              "invokerType": "event-listener",
              "sourceURL": "http://127.0.0.1:56214/src/main.js",
              "sourceFunctionName": "",
              "sourceCharPosition": 382382
            },
            {
              "durationMs": 75.59999999403954,
              "executionStartMs": 324.90000000596046,
              "forcedStyleAndLayoutDurationMs": 0,
              "invoker": "FrameRequestCallback",
              "invokerType": "user-callback",
              "sourceURL": "",
              "sourceFunctionName": "",
              "sourceCharPosition": -1
            }
          ]
        }
      ]
    }
  },
  "v8Heap": {
    "samples": 31,
    "first": {
      "at": "2026-09-27T13:57:33.491Z",
      "usedBytes": 7788344,
      "totalBytes": 17301504,
      "embedderHeapUsedBytes": 4578528,
      "backingStorageBytes": 6491636
    },
    "last": {
      "at": "2026-09-27T13:58:03.547Z",
      "usedBytes": 9786588,
      "totalBytes": 26214400,
      "embedderHeapUsedBytes": 3640256,
      "backingStorageBytes": 7172024
    },
    "peakUsedBytes": 13906528
  },
  "serverScenario": {
    "workload": "2,000 units moving in two connected teams (box formation)",
    "slowReader": false,
    "formation": "box",
    "durationSeconds": 10,
    "slowReaderRecovery": null,
    "measurements": [
      {
        "run": 1,
        "map": "open-field",
        "unitsMovedAfterFirstSnapshot": 1996,
        "damagedUnits": null,
        "unitsMovedByTeam": {
          "azure": 997,
          "ember": 999
        },
        "orderAssignmentMs": 30.769,
        "movePlanning": [
          {
            "orderId": 1,
            "team": 0,
            "mode": "shared-start",
            "unitCount": 1000,
            "uniqueStartCells": 458,
            "uniqueDestinationCells": 1000,
            "nonEmptyPaths": 997,
            "alreadyInDestinationCell": 3,
            "routeFailures": 0,
            "searchCount": 43,
            "expandedCells": 1584,
            "discoveredCells": 3874,
            "elapsedMs": 26.8,
            "planningWorkMs": 12.867,
            "maxPlanningSliceMs": 6.465,
            "queueWaitMs": 0.275,
            "setupMs": 6.465,
            "pathPlanningWorkMs": 6.089,
            "maxPathPlanningSliceMs": 5.032,
            "finalizationMs": 0.313,
            "planningSliceCount": 4
          },
          {
            "orderId": 2,
            "team": 1,
            "mode": "shared-start",
            "unitCount": 1000,
            "uniqueStartCells": 459,
            "uniqueDestinationCells": 1000,
            "nonEmptyPaths": 999,
            "alreadyInDestinationCell": 1,
            "routeFailures": 0,
            "searchCount": 49,
            "expandedCells": 1377,
            "discoveredCells": 3251,
            "elapsedMs": 20.43,
            "planningWorkMs": 11.357,
            "maxPlanningSliceMs": 6.013,
            "queueWaitMs": 5.502,
            "setupMs": 4.905,
            "pathPlanningWorkMs": 6.341,
            "maxPathPlanningSliceMs": 6.013,
            "finalizationMs": 0.111,
            "planningSliceCount": 4
          }
        ],
        "tickTiming": {
          "sampleCount": 300,
          "windowSeconds": 10,
          "budgetMs": 33.333,
          "p50Ms": 0.986,
          "p95Ms": 9.449,
          "maxMs": 16.932,
          "startLagP95Ms": 0.785,
          "startLagMaxMs": 3.326,
          "scheduler": {
            "policy": "drop-elapsed-slots",
            "skippedTickSlotsTotal": 0,
            "lastOverloadSkippedSlots": 0,
            "lastOverloadTick": null
          },
          "slowestTick": {
            "tickNumber": 28,
            "durationMs": 16.932,
            "cpuMs": 26.188,
            "simulationMs": 9.392,
            "visionMs": 0.628,
            "broadcastMs": 6.913,
            "checkpointMs": 0
          }
        },
        "separationWork": null,
        "transport": {
          "activePeers": 3,
          "maxQueuedBytesPerPeer": 4194304,
          "maxInboundControlFramesPerSecond": 120,
          "inboundControlFramesReceived": 0,
          "inboundControlPingsReceived": 0,
          "inboundControlPongsReceived": 0,
          "inboundControlRateLimitDisconnects": 0,
          "activeControlFramesInCurrentWindow": 0,
          "maxPendingCommandsPerPeer": 64,
          "maxPendingCommandBytesPerPeer": 1000000,
          "pendingCommands": 0,
          "pendingCommandBytes": 0,
          "commandQueueLimitRejections": 0,
          "outboundQueueLimitDisconnects": 0,
          "peakOutboundQueuedBytes": 0,
          "backpressuredPeers": 0,
          "queuedBytes": 0,
          "peakQueuedBytes": 0,
          "coalescedStateSnapshots": 0,
          "compressionPeers": 3,
          "jsonFramesSent": 318,
          "jsonPayloadBytesSent": 29831840,
          "jsonWireBytesSent": 3901341,
          "jsonUncompressedWireBytesSent": 29834630,
          "compressedFramesSent": 306,
          "compressedPayloadBytesSent": 29831320,
          "compressedWireBytesSent": 3900797
        },
        "checkpoint": {
          "enabled": false,
          "sequence": 0,
          "intervalMs": 1000.0000000000001,
          "ageMs": null,
          "writing": false,
          "queued": false,
          "failures": 0,
          "recovered": false,
          "lastBytes": 0,
          "lastWriteMs": 0,
          "lastCaptureMs": 0,
          "lastSerializeMs": 0
        }
      },
      {
        "run": 2,
        "map": "open-field",
        "unitsMovedAfterFirstSnapshot": 1996,
        "damagedUnits": null,
        "unitsMovedByTeam": {
          "azure": 997,
          "ember": 999
        },
        "orderAssignmentMs": 18.112,
        "movePlanning": [
          {
            "orderId": 1,
            "team": 0,
            "mode": "shared-start",
            "unitCount": 1000,
            "uniqueStartCells": 458,
            "uniqueDestinationCells": 1000,
            "nonEmptyPaths": 997,
            "alreadyInDestinationCell": 3,
            "routeFailures": 0,
            "searchCount": 43,
            "expandedCells": 1584,
            "discoveredCells": 3874,
            "elapsedMs": 26.8,
            "planningWorkMs": 12.867,
            "maxPlanningSliceMs": 6.465,
            "queueWaitMs": 0.275,
            "setupMs": 6.465,
            "pathPlanningWorkMs": 6.089,
            "maxPathPlanningSliceMs": 5.032,
            "finalizationMs": 0.313,
            "planningSliceCount": 4
          },
          {
            "orderId": 2,
            "team": 1,
            "mode": "shared-start",
            "unitCount": 1000,
            "uniqueStartCells": 459,
            "uniqueDestinationCells": 1000,
            "nonEmptyPaths": 999,
            "alreadyInDestinationCell": 1,
            "routeFailures": 0,
            "searchCount": 49,
            "expandedCells": 1377,
            "discoveredCells": 3251,
            "elapsedMs": 20.43,
            "planningWorkMs": 11.357,
            "maxPlanningSliceMs": 6.013,
            "queueWaitMs": 5.502,
            "setupMs": 4.905,
            "pathPlanningWorkMs": 6.341,
            "maxPathPlanningSliceMs": 6.013,
            "finalizationMs": 0.111,
            "planningSliceCount": 4
          },
          {
            "orderId": 3,
            "team": 0,
            "mode": "shared-start",
            "unitCount": 1000,
            "uniqueStartCells": 458,
            "uniqueDestinationCells": 1000,
            "nonEmptyPaths": 997,
            "alreadyInDestinationCell": 3,
            "routeFailures": 0,
            "searchCount": 43,
            "expandedCells": 1584,
            "discoveredCells": 3874,
            "elapsedMs": 6.058,
            "planningWorkMs": 5.787,
            "maxPlanningSliceMs": 2.814,
            "queueWaitMs": 0.202,
            "setupMs": 2.562,
            "pathPlanningWorkMs": 2.814,
            "maxPathPlanningSliceMs": 2.814,
            "finalizationMs": 0.411,
            "planningSliceCount": 3
          },
          {
            "orderId": 4,
            "team": 1,
            "mode": "shared-start",
            "unitCount": 1000,
            "uniqueStartCells": 459,
            "uniqueDestinationCells": 1000,
            "nonEmptyPaths": 999,
            "alreadyInDestinationCell": 1,
            "routeFailures": 0,
            "searchCount": 49,
            "expandedCells": 1377,
            "discoveredCells": 3251,
            "elapsedMs": 1.993,
            "planningWorkMs": 1.88,
            "maxPlanningSliceMs": 0.907,
            "queueWaitMs": 0.039,
            "setupMs": 0.907,
            "pathPlanningWorkMs": 0.792,
            "maxPathPlanningSliceMs": 0.792,
            "finalizationMs": 0.181,
            "planningSliceCount": 3
          }
        ],
        "tickTiming": {
          "sampleCount": 300,
          "windowSeconds": 10,
          "budgetMs": 33.333,
          "p50Ms": 0.958,
          "p95Ms": 8.663,
          "maxMs": 10.178,
          "startLagP95Ms": 0.794,
          "startLagMaxMs": 3.116,
          "scheduler": {
            "policy": "drop-elapsed-slots",
            "skippedTickSlotsTotal": 0,
            "lastOverloadSkippedSlots": 0,
            "lastOverloadTick": null
          },
          "slowestTick": {
            "tickNumber": 516,
            "durationMs": 10.178,
            "cpuMs": 10.875,
            "simulationMs": 1.122,
            "visionMs": 1.2,
            "broadcastMs": 7.856,
            "checkpointMs": 0
          }
        },
        "separationWork": null,
        "transport": {
          "activePeers": 3,
          "maxQueuedBytesPerPeer": 4194304,
          "maxInboundControlFramesPerSecond": 120,
          "inboundControlFramesReceived": 3,
          "inboundControlPingsReceived": 0,
          "inboundControlPongsReceived": 3,
          "inboundControlRateLimitDisconnects": 0,
          "activeControlFramesInCurrentWindow": 3,
          "maxPendingCommandsPerPeer": 64,
          "maxPendingCommandBytesPerPeer": 1000000,
          "pendingCommands": 0,
          "pendingCommandBytes": 0,
          "commandQueueLimitRejections": 0,
          "outboundQueueLimitDisconnects": 0,
          "peakOutboundQueuedBytes": 0,
          "backpressuredPeers": 0,
          "queuedBytes": 0,
          "peakQueuedBytes": 0,
          "coalescedStateSnapshots": 0,
          "compressionPeers": 3,
          "jsonFramesSent": 634,
          "jsonPayloadBytesSent": 60074534,
          "jsonWireBytesSent": 7847507,
          "jsonUncompressedWireBytesSent": 60080134,
          "compressedFramesSent": 615,
          "compressedPayloadBytesSent": 60073606,
          "compressedWireBytesSent": 7846541
        },
        "checkpoint": {
          "enabled": false,
          "sequence": 0,
          "intervalMs": 1000.0000000000001,
          "ageMs": null,
          "writing": false,
          "queued": false,
          "failures": 0,
          "recovered": false,
          "lastBytes": 0,
          "lastWriteMs": 0,
          "lastCaptureMs": 0,
          "lastSerializeMs": 0
        }
      },
      {
        "run": 3,
        "map": "open-field",
        "unitsMovedAfterFirstSnapshot": 1996,
        "damagedUnits": null,
        "unitsMovedByTeam": {
          "azure": 997,
          "ember": 999
        },
        "orderAssignmentMs": 6.604,
        "movePlanning": [
          {
            "orderId": 1,
            "team": 0,
            "mode": "shared-start",
            "unitCount": 1000,
            "uniqueStartCells": 458,
            "uniqueDestinationCells": 1000,
            "nonEmptyPaths": 997,
            "alreadyInDestinationCell": 3,
            "routeFailures": 0,
            "searchCount": 43,
            "expandedCells": 1584,
            "discoveredCells": 3874,
            "elapsedMs": 26.8,
            "planningWorkMs": 12.867,
            "maxPlanningSliceMs": 6.465,
            "queueWaitMs": 0.275,
            "setupMs": 6.465,
            "pathPlanningWorkMs": 6.089,
            "maxPathPlanningSliceMs": 5.032,
            "finalizationMs": 0.313,
            "planningSliceCount": 4
          },
          {
            "orderId": 2,
            "team": 1,
            "mode": "shared-start",
            "unitCount": 1000,
            "uniqueStartCells": 459,
            "uniqueDestinationCells": 1000,
            "nonEmptyPaths": 999,
            "alreadyInDestinationCell": 1,
            "routeFailures": 0,
            "searchCount": 49,
            "expandedCells": 1377,
            "discoveredCells": 3251,
            "elapsedMs": 20.43,
            "planningWorkMs": 11.357,
            "maxPlanningSliceMs": 6.013,
            "queueWaitMs": 5.502,
            "setupMs": 4.905,
            "pathPlanningWorkMs": 6.341,
            "maxPathPlanningSliceMs": 6.013,
            "finalizationMs": 0.111,
            "planningSliceCount": 4
          },
          {
            "orderId": 3,
            "team": 0,
            "mode": "shared-start",
            "unitCount": 1000,
            "uniqueStartCells": 458,
            "uniqueDestinationCells": 1000,
            "nonEmptyPaths": 997,
            "alreadyInDestinationCell": 3,
            "routeFailures": 0,
            "searchCount": 43,
            "expandedCells": 1584,
            "discoveredCells": 3874,
            "elapsedMs": 6.058,
            "planningWorkMs": 5.787,
            "maxPlanningSliceMs": 2.814,
            "queueWaitMs": 0.202,
            "setupMs": 2.562,
            "pathPlanningWorkMs": 2.814,
            "maxPathPlanningSliceMs": 2.814,
            "finalizationMs": 0.411,
            "planningSliceCount": 3
          },
          {
            "orderId": 4,
            "team": 1,
            "mode": "shared-start",
            "unitCount": 1000,
            "uniqueStartCells": 459,
            "uniqueDestinationCells": 1000,
            "nonEmptyPaths": 999,
            "alreadyInDestinationCell": 1,
            "routeFailures": 0,
            "searchCount": 49,
            "expandedCells": 1377,
            "discoveredCells": 3251,
            "elapsedMs": 1.993,
            "planningWorkMs": 1.88,
            "maxPlanningSliceMs": 0.907,
            "queueWaitMs": 0.039,
            "setupMs": 0.907,
            "pathPlanningWorkMs": 0.792,
            "maxPathPlanningSliceMs": 0.792,
            "finalizationMs": 0.181,
            "planningSliceCount": 3
          },
          {
            "orderId": 5,
            "team": 0,
            "mode": "shared-start",
            "unitCount": 1000,
            "uniqueStartCells": 458,
            "uniqueDestinationCells": 1000,
            "nonEmptyPaths": 997,
            "alreadyInDestinationCell": 3,
            "routeFailures": 0,
            "searchCount": 43,
            "expandedCells": 1584,
            "discoveredCells": 3874,
            "elapsedMs": 3.85,
            "planningWorkMs": 2.795,
            "maxPlanningSliceMs": 1.665,
            "queueWaitMs": 0.03,
            "setupMs": 0.876,
            "pathPlanningWorkMs": 1.665,
            "maxPathPlanningSliceMs": 1.665,
            "finalizationMs": 0.254,
            "planningSliceCount": 3
          },
          {
            "orderId": 6,
            "team": 1,
            "mode": "shared-start",
            "unitCount": 1000,
            "uniqueStartCells": 459,
            "uniqueDestinationCells": 1000,
            "nonEmptyPaths": 999,
            "alreadyInDestinationCell": 1,
            "routeFailures": 0,
            "searchCount": 49,
            "expandedCells": 1377,
            "discoveredCells": 3251,
            "elapsedMs": 4.122,
            "planningWorkMs": 2.044,
            "maxPlanningSliceMs": 1.226,
            "queueWaitMs": 2.005,
            "setupMs": 0.648,
            "pathPlanningWorkMs": 1.226,
            "maxPathPlanningSliceMs": 1.226,
            "finalizationMs": 0.171,
            "planningSliceCount": 3
          }
        ],
        "tickTiming": {
          "sampleCount": 300,
          "windowSeconds": 10,
          "budgetMs": 33.333,
          "p50Ms": 0.94,
          "p95Ms": 9.147,
          "maxMs": 9.974,
          "startLagP95Ms": 0.78,
          "startLagMaxMs": 2.158,
          "scheduler": {
            "policy": "drop-elapsed-slots",
            "skippedTickSlotsTotal": 0,
            "lastOverloadSkippedSlots": 0,
            "lastOverloadTick": null
          },
          "slowestTick": {
            "tickNumber": 831,
            "durationMs": 9.974,
            "cpuMs": 9.547,
            "simulationMs": 1.084,
            "visionMs": 0.811,
            "broadcastMs": 8.078,
            "checkpointMs": 0
          }
        },
        "separationWork": null,
        "transport": {
          "activePeers": 3,
          "maxQueuedBytesPerPeer": 4194304,
          "maxInboundControlFramesPerSecond": 120,
          "inboundControlFramesReceived": 6,
          "inboundControlPingsReceived": 0,
          "inboundControlPongsReceived": 6,
          "inboundControlRateLimitDisconnects": 0,
          "activeControlFramesInCurrentWindow": 3,
          "maxPendingCommandsPerPeer": 64,
          "maxPendingCommandBytesPerPeer": 1000000,
          "pendingCommands": 0,
          "pendingCommandBytes": 0,
          "commandQueueLimitRejections": 0,
          "outboundQueueLimitDisconnects": 0,
          "peakOutboundQueuedBytes": 0,
          "backpressuredPeers": 0,
          "queuedBytes": 0,
          "peakQueuedBytes": 0,
          "coalescedStateSnapshots": 0,
          "compressionPeers": 3,
          "jsonFramesSent": 947,
          "jsonPayloadBytesSent": 90052072,
          "jsonWireBytesSent": 11764642,
          "jsonUncompressedWireBytesSent": 90060464,
          "compressedFramesSent": 921,
          "compressedPayloadBytesSent": 90050736,
          "compressedWireBytesSent": 11763254
        },
        "checkpoint": {
          "enabled": false,
          "sequence": 0,
          "intervalMs": 1000.0000000000001,
          "ageMs": null,
          "writing": false,
          "queued": false,
          "failures": 0,
          "recovered": false,
          "lastBytes": 0,
          "lastWriteMs": 0,
          "lastCaptureMs": 0,
          "lastSerializeMs": 0
        }
      }
    ]
  },
  "limitations": [
    "Headless Chrome describes this browser/runtime setup; it is not a measurement of a windowed player session.",
    "WebGL reported the metal backend (ANGLE (Apple, ANGLE Metal Renderer: Apple M2, Unspecified Version)); headless timing still does not measure ordinary display presentation.",
    "Animation callback duration is main-thread CPU time and does not measure GPU completion or display presentation latency.",
    "V8 heap is JavaScript heap usage, not total browser-process or GPU memory."
  ]
}
