{
  "workload": "headless Chrome spectator rendering a moving 2,000-unit multiplayer match",
  "requestedMovementWaveSeconds": 10,
  "movementWaves": 3,
  "nominalScenarioSeconds": 30,
  "measuredFrameWindowSeconds": 30.1,
  "browser": {
    "product": "Chrome/153.0.8010.53",
    "headless": true,
    "pageUrl": "http://127.0.0.1:55081/",
    "visiblePageUnits": 2000,
    "pageStateSamples": 79,
    "stateFramesObserved": 312,
    "stateFramesParsed": 78,
    "maxUnitsMovingBetweenPageStates": 1996,
    "webgl": {
      "available": true,
      "vendor": "Google Inc. (Apple)",
      "renderer": "ANGLE (Apple, ANGLE Metal Renderer: Apple M2, Unspecified Version)",
      "backend": "metal",
      "webglVersion": 2
    }
  },
  "rendering": {
    "acceptance": {
      "passed": false,
      "frameIntervalP95BudgetMs": 33.333,
      "frameIntervalP95Passed": true,
      "animateCallbackP95BudgetMs": 8,
      "animateCallbackP95Passed": true,
      "longTaskCountBudget": 0,
      "longTaskCountPassed": false,
      "longTaskObservationAvailable": true
    },
    "rawAnimationFrameInterval": {
      "samples": 1802,
      "p50Ms": 16.7,
      "p95Ms": 16.7,
      "p99Ms": 16.8,
      "maxMs": 83.4
    },
    "framesAboveConfiguredIntervalThreshold": {
      "thresholdMs": 33.333,
      "count": 1,
      "worstSamples": [
        {
          "timestampMs": 1017.9,
          "intervalMs": 83.39999999999998,
          "callbackMs": 1.5
        }
      ]
    },
    "animateCallbackCpuDuration": {
      "samples": 1802,
      "p50Ms": 1.3,
      "p95Ms": 1.9,
      "p99Ms": 2.1,
      "maxMs": 87.8
    },
    "longTasksOver50Ms": {
      "count": 1,
      "maxMs": 88,
      "samples": [
        {
          "durationMs": 88,
          "startTimeMs": 934.8000000119209
        }
      ]
    }
  },
  "v8Heap": {
    "samples": 31,
    "first": {
      "at": "2026-09-27T13:48:57.497Z",
      "usedBytes": 9714372,
      "totalBytes": 16777216,
      "embedderHeapUsedBytes": 4458872,
      "backingStorageBytes": 6198678
    },
    "last": {
      "at": "2026-09-27T13:49:27.570Z",
      "usedBytes": 9401240,
      "totalBytes": 25952256,
      "embedderHeapUsedBytes": 3646032,
      "backingStorageBytes": 7644113
    },
    "peakUsedBytes": 13730068
  },
  "serverScenario": {
    "workload": "2,000 units moving in two connected teams (box formation)",
    "slowReader": false,
    "formation": "box",
    "durationSeconds": 10,
    "slowReaderRecovery": null,
    "measurements": [
      {
        "run": 1,
        "map": "open-field",
        "unitsMovedAfterFirstSnapshot": 1996,
        "damagedUnits": null,
        "unitsMovedByTeam": {
          "azure": 997,
          "ember": 999
        },
        "orderAssignmentMs": 25.873,
        "movePlanning": [
          {
            "orderId": 1,
            "team": 0,
            "mode": "shared-start",
            "unitCount": 1000,
            "uniqueStartCells": 458,
            "uniqueDestinationCells": 1000,
            "nonEmptyPaths": 997,
            "alreadyInDestinationCell": 3,
            "routeFailures": 0,
            "searchCount": 43,
            "expandedCells": 1584,
            "discoveredCells": 3874,
            "elapsedMs": 12.698,
            "planningWorkMs": 8.783,
            "maxPlanningSliceMs": 5,
            "queueWaitMs": 0.147,
            "setupMs": 3.52,
            "pathPlanningWorkMs": 5.128,
            "maxPathPlanningSliceMs": 5,
            "finalizationMs": 0.134,
            "planningSliceCount": 4
          },
          {
            "orderId": 2,
            "team": 1,
            "mode": "shared-start",
            "unitCount": 1000,
            "uniqueStartCells": 459,
            "uniqueDestinationCells": 1000,
            "nonEmptyPaths": 999,
            "alreadyInDestinationCell": 1,
            "routeFailures": 0,
            "searchCount": 49,
            "expandedCells": 1377,
            "discoveredCells": 3251,
            "elapsedMs": 15.662,
            "planningWorkMs": 5.384,
            "maxPlanningSliceMs": 3.101,
            "queueWaitMs": 1.475,
            "setupMs": 2.077,
            "pathPlanningWorkMs": 3.101,
            "maxPathPlanningSliceMs": 3.101,
            "finalizationMs": 0.207,
            "planningSliceCount": 3
          }
        ],
        "tickTiming": {
          "sampleCount": 300,
          "windowSeconds": 10,
          "budgetMs": 33.333,
          "p50Ms": 1.019,
          "p95Ms": 7.641,
          "maxMs": 11.883,
          "startLagP95Ms": 0.99,
          "startLagMaxMs": 2.231,
          "scheduler": {
            "policy": "drop-elapsed-slots",
            "skippedTickSlotsTotal": 0,
            "lastOverloadSkippedSlots": 0,
            "lastOverloadTick": null
          },
          "slowestTick": {
            "tickNumber": 90,
            "durationMs": 11.883,
            "cpuMs": 9.151,
            "simulationMs": 1.741,
            "visionMs": 0.485,
            "broadcastMs": 9.645,
            "checkpointMs": 0.012
          }
        },
        "separationWork": null,
        "transport": {
          "activePeers": 3,
          "maxQueuedBytesPerPeer": 4194304,
          "maxInboundControlFramesPerSecond": 120,
          "inboundControlFramesReceived": 0,
          "inboundControlPingsReceived": 0,
          "inboundControlPongsReceived": 0,
          "inboundControlRateLimitDisconnects": 0,
          "activeControlFramesInCurrentWindow": 0,
          "maxPendingCommandsPerPeer": 64,
          "maxPendingCommandBytesPerPeer": 1000000,
          "pendingCommands": 0,
          "pendingCommandBytes": 0,
          "commandQueueLimitRejections": 0,
          "outboundQueueLimitDisconnects": 0,
          "peakOutboundQueuedBytes": 0,
          "backpressuredPeers": 0,
          "queuedBytes": 0,
          "peakQueuedBytes": 0,
          "coalescedStateSnapshots": 0,
          "compressionPeers": 3,
          "jsonFramesSent": 319,
          "jsonPayloadBytesSent": 29829049,
          "jsonWireBytesSent": 3899588,
          "jsonUncompressedWireBytesSent": 29831837,
          "compressedFramesSent": 307,
          "compressedPayloadBytesSent": 29828529,
          "compressedWireBytesSent": 3899044
        },
        "checkpoint": {
          "enabled": false,
          "sequence": 0,
          "intervalMs": 1000.0000000000001,
          "ageMs": null,
          "writing": false,
          "queued": false,
          "failures": 0,
          "recovered": false,
          "lastBytes": 0,
          "lastWriteMs": 0,
          "lastCaptureMs": 0,
          "lastSerializeMs": 0
        }
      },
      {
        "run": 2,
        "map": "open-field",
        "unitsMovedAfterFirstSnapshot": 1996,
        "damagedUnits": null,
        "unitsMovedByTeam": {
          "azure": 997,
          "ember": 999
        },
        "orderAssignmentMs": 10.172,
        "movePlanning": [
          {
            "orderId": 1,
            "team": 0,
            "mode": "shared-start",
            "unitCount": 1000,
            "uniqueStartCells": 458,
            "uniqueDestinationCells": 1000,
            "nonEmptyPaths": 997,
            "alreadyInDestinationCell": 3,
            "routeFailures": 0,
            "searchCount": 43,
            "expandedCells": 1584,
            "discoveredCells": 3874,
            "elapsedMs": 12.698,
            "planningWorkMs": 8.783,
            "maxPlanningSliceMs": 5,
            "queueWaitMs": 0.147,
            "setupMs": 3.52,
            "pathPlanningWorkMs": 5.128,
            "maxPathPlanningSliceMs": 5,
            "finalizationMs": 0.134,
            "planningSliceCount": 4
          },
          {
            "orderId": 2,
            "team": 1,
            "mode": "shared-start",
            "unitCount": 1000,
            "uniqueStartCells": 459,
            "uniqueDestinationCells": 1000,
            "nonEmptyPaths": 999,
            "alreadyInDestinationCell": 1,
            "routeFailures": 0,
            "searchCount": 49,
            "expandedCells": 1377,
            "discoveredCells": 3251,
            "elapsedMs": 15.662,
            "planningWorkMs": 5.384,
            "maxPlanningSliceMs": 3.101,
            "queueWaitMs": 1.475,
            "setupMs": 2.077,
            "pathPlanningWorkMs": 3.101,
            "maxPathPlanningSliceMs": 3.101,
            "finalizationMs": 0.207,
            "planningSliceCount": 3
          },
          {
            "orderId": 3,
            "team": 0,
            "mode": "shared-start",
            "unitCount": 1000,
            "uniqueStartCells": 458,
            "uniqueDestinationCells": 1000,
            "nonEmptyPaths": 997,
            "alreadyInDestinationCell": 3,
            "routeFailures": 0,
            "searchCount": 43,
            "expandedCells": 1584,
            "discoveredCells": 3874,
            "elapsedMs": 6.073,
            "planningWorkMs": 5.931,
            "maxPlanningSliceMs": 3.353,
            "queueWaitMs": 0.046,
            "setupMs": 2.057,
            "pathPlanningWorkMs": 3.353,
            "maxPathPlanningSliceMs": 3.353,
            "finalizationMs": 0.521,
            "planningSliceCount": 3
          },
          {
            "orderId": 4,
            "team": 1,
            "mode": "shared-start",
            "unitCount": 1000,
            "uniqueStartCells": 459,
            "uniqueDestinationCells": 1000,
            "nonEmptyPaths": 999,
            "alreadyInDestinationCell": 1,
            "routeFailures": 0,
            "searchCount": 49,
            "expandedCells": 1377,
            "discoveredCells": 3251,
            "elapsedMs": 2.99,
            "planningWorkMs": 2.909,
            "maxPlanningSliceMs": 1.927,
            "queueWaitMs": 0.031,
            "setupMs": 0.839,
            "pathPlanningWorkMs": 1.927,
            "maxPathPlanningSliceMs": 1.927,
            "finalizationMs": 0.143,
            "planningSliceCount": 3
          }
        ],
        "tickTiming": {
          "sampleCount": 300,
          "windowSeconds": 10,
          "budgetMs": 33.333,
          "p50Ms": 1.019,
          "p95Ms": 8.089,
          "maxMs": 9.735,
          "startLagP95Ms": 0.891,
          "startLagMaxMs": 1.692,
          "scheduler": {
            "policy": "drop-elapsed-slots",
            "skippedTickSlotsTotal": 0,
            "lastOverloadSkippedSlots": 0,
            "lastOverloadTick": null
          },
          "slowestTick": {
            "tickNumber": 543,
            "durationMs": 9.735,
            "cpuMs": 9.497,
            "simulationMs": 1.221,
            "visionMs": 0.837,
            "broadcastMs": 7.677,
            "checkpointMs": 0
          }
        },
        "separationWork": null,
        "transport": {
          "activePeers": 3,
          "maxQueuedBytesPerPeer": 4194304,
          "maxInboundControlFramesPerSecond": 120,
          "inboundControlFramesReceived": 3,
          "inboundControlPingsReceived": 0,
          "inboundControlPongsReceived": 3,
          "inboundControlRateLimitDisconnects": 0,
          "activeControlFramesInCurrentWindow": 3,
          "maxPendingCommandsPerPeer": 64,
          "maxPendingCommandBytesPerPeer": 1000000,
          "pendingCommands": 0,
          "pendingCommandBytes": 0,
          "commandQueueLimitRejections": 0,
          "outboundQueueLimitDisconnects": 0,
          "peakOutboundQueuedBytes": 0,
          "backpressuredPeers": 0,
          "queuedBytes": 0,
          "peakQueuedBytes": 0,
          "coalescedStateSnapshots": 0,
          "compressionPeers": 3,
          "jsonFramesSent": 632,
          "jsonPayloadBytesSent": 59806587,
          "jsonWireBytesSent": 7816834,
          "jsonUncompressedWireBytesSent": 59812167,
          "compressedFramesSent": 613,
          "compressedPayloadBytesSent": 59805659,
          "compressedWireBytesSent": 7815868
        },
        "checkpoint": {
          "enabled": false,
          "sequence": 0,
          "intervalMs": 1000.0000000000001,
          "ageMs": null,
          "writing": false,
          "queued": false,
          "failures": 0,
          "recovered": false,
          "lastBytes": 0,
          "lastWriteMs": 0,
          "lastCaptureMs": 0,
          "lastSerializeMs": 0
        }
      },
      {
        "run": 3,
        "map": "open-field",
        "unitsMovedAfterFirstSnapshot": 1996,
        "damagedUnits": null,
        "unitsMovedByTeam": {
          "azure": 997,
          "ember": 999
        },
        "orderAssignmentMs": 5.072,
        "movePlanning": [
          {
            "orderId": 1,
            "team": 0,
            "mode": "shared-start",
            "unitCount": 1000,
            "uniqueStartCells": 458,
            "uniqueDestinationCells": 1000,
            "nonEmptyPaths": 997,
            "alreadyInDestinationCell": 3,
            "routeFailures": 0,
            "searchCount": 43,
            "expandedCells": 1584,
            "discoveredCells": 3874,
            "elapsedMs": 12.698,
            "planningWorkMs": 8.783,
            "maxPlanningSliceMs": 5,
            "queueWaitMs": 0.147,
            "setupMs": 3.52,
            "pathPlanningWorkMs": 5.128,
            "maxPathPlanningSliceMs": 5,
            "finalizationMs": 0.134,
            "planningSliceCount": 4
          },
          {
            "orderId": 2,
            "team": 1,
            "mode": "shared-start",
            "unitCount": 1000,
            "uniqueStartCells": 459,
            "uniqueDestinationCells": 1000,
            "nonEmptyPaths": 999,
            "alreadyInDestinationCell": 1,
            "routeFailures": 0,
            "searchCount": 49,
            "expandedCells": 1377,
            "discoveredCells": 3251,
            "elapsedMs": 15.662,
            "planningWorkMs": 5.384,
            "maxPlanningSliceMs": 3.101,
            "queueWaitMs": 1.475,
            "setupMs": 2.077,
            "pathPlanningWorkMs": 3.101,
            "maxPathPlanningSliceMs": 3.101,
            "finalizationMs": 0.207,
            "planningSliceCount": 3
          },
          {
            "orderId": 3,
            "team": 0,
            "mode": "shared-start",
            "unitCount": 1000,
            "uniqueStartCells": 458,
            "uniqueDestinationCells": 1000,
            "nonEmptyPaths": 997,
            "alreadyInDestinationCell": 3,
            "routeFailures": 0,
            "searchCount": 43,
            "expandedCells": 1584,
            "discoveredCells": 3874,
            "elapsedMs": 6.073,
            "planningWorkMs": 5.931,
            "maxPlanningSliceMs": 3.353,
            "queueWaitMs": 0.046,
            "setupMs": 2.057,
            "pathPlanningWorkMs": 3.353,
            "maxPathPlanningSliceMs": 3.353,
            "finalizationMs": 0.521,
            "planningSliceCount": 3
          },
          {
            "orderId": 4,
            "team": 1,
            "mode": "shared-start",
            "unitCount": 1000,
            "uniqueStartCells": 459,
            "uniqueDestinationCells": 1000,
            "nonEmptyPaths": 999,
            "alreadyInDestinationCell": 1,
            "routeFailures": 0,
            "searchCount": 49,
            "expandedCells": 1377,
            "discoveredCells": 3251,
            "elapsedMs": 2.99,
            "planningWorkMs": 2.909,
            "maxPlanningSliceMs": 1.927,
            "queueWaitMs": 0.031,
            "setupMs": 0.839,
            "pathPlanningWorkMs": 1.927,
            "maxPathPlanningSliceMs": 1.927,
            "finalizationMs": 0.143,
            "planningSliceCount": 3
          },
          {
            "orderId": 5,
            "team": 0,
            "mode": "shared-start",
            "unitCount": 1000,
            "uniqueStartCells": 458,
            "uniqueDestinationCells": 1000,
            "nonEmptyPaths": 997,
            "alreadyInDestinationCell": 3,
            "routeFailures": 0,
            "searchCount": 43,
            "expandedCells": 1584,
            "discoveredCells": 3874,
            "elapsedMs": 2.256,
            "planningWorkMs": 2.153,
            "maxPlanningSliceMs": 1.084,
            "queueWaitMs": 0.026,
            "setupMs": 0.854,
            "pathPlanningWorkMs": 1.084,
            "maxPathPlanningSliceMs": 1.084,
            "finalizationMs": 0.215,
            "planningSliceCount": 3
          },
          {
            "orderId": 6,
            "team": 1,
            "mode": "shared-start",
            "unitCount": 1000,
            "uniqueStartCells": 459,
            "uniqueDestinationCells": 1000,
            "nonEmptyPaths": 999,
            "alreadyInDestinationCell": 1,
            "routeFailures": 0,
            "searchCount": 49,
            "expandedCells": 1377,
            "discoveredCells": 3251,
            "elapsedMs": 1.745,
            "planningWorkMs": 1.678,
            "maxPlanningSliceMs": 0.752,
            "queueWaitMs": 0.02,
            "setupMs": 0.723,
            "pathPlanningWorkMs": 0.752,
            "maxPathPlanningSliceMs": 0.752,
            "finalizationMs": 0.203,
            "planningSliceCount": 3
          }
        ],
        "tickTiming": {
          "sampleCount": 300,
          "windowSeconds": 10,
          "budgetMs": 33.333,
          "p50Ms": 0.937,
          "p95Ms": 8.594,
          "maxMs": 9.773,
          "startLagP95Ms": 0.894,
          "startLagMaxMs": 1.679,
          "scheduler": {
            "policy": "drop-elapsed-slots",
            "skippedTickSlotsTotal": 0,
            "lastOverloadSkippedSlots": 0,
            "lastOverloadTick": null
          },
          "slowestTick": {
            "tickNumber": 837,
            "durationMs": 9.773,
            "cpuMs": 9.513,
            "simulationMs": 1.076,
            "visionMs": 0.856,
            "broadcastMs": 7.841,
            "checkpointMs": 0
          }
        },
        "separationWork": null,
        "transport": {
          "activePeers": 3,
          "maxQueuedBytesPerPeer": 4194304,
          "maxInboundControlFramesPerSecond": 120,
          "inboundControlFramesReceived": 6,
          "inboundControlPingsReceived": 0,
          "inboundControlPongsReceived": 6,
          "inboundControlRateLimitDisconnects": 0,
          "activeControlFramesInCurrentWindow": 3,
          "maxPendingCommandsPerPeer": 64,
          "maxPendingCommandBytesPerPeer": 1000000,
          "pendingCommands": 0,
          "pendingCommandBytes": 0,
          "commandQueueLimitRejections": 0,
          "outboundQueueLimitDisconnects": 0,
          "peakOutboundQueuedBytes": 0,
          "backpressuredPeers": 0,
          "queuedBytes": 0,
          "peakQueuedBytes": 0,
          "coalescedStateSnapshots": 0,
          "compressionPeers": 3,
          "jsonFramesSent": 945,
          "jsonPayloadBytesSent": 89784119,
          "jsonWireBytesSent": 11734132,
          "jsonUncompressedWireBytesSent": 89792491,
          "compressedFramesSent": 919,
          "compressedPayloadBytesSent": 89782783,
          "compressedWireBytesSent": 11732744
        },
        "checkpoint": {
          "enabled": false,
          "sequence": 0,
          "intervalMs": 1000.0000000000001,
          "ageMs": null,
          "writing": false,
          "queued": false,
          "failures": 0,
          "recovered": false,
          "lastBytes": 0,
          "lastWriteMs": 0,
          "lastCaptureMs": 0,
          "lastSerializeMs": 0
        }
      }
    ]
  },
  "limitations": [
    "Headless Chrome describes this browser/runtime setup; it is not a measurement of a windowed player session.",
    "WebGL reported the metal backend (ANGLE (Apple, ANGLE Metal Renderer: Apple M2, Unspecified Version)); headless timing still does not measure ordinary display presentation.",
    "Animation callback duration is main-thread CPU time and does not measure GPU completion or display presentation latency.",
    "V8 heap is JavaScript heap usage, not total browser-process or GPU memory."
  ]
}
